Archive member included to satisfy reference by file (symbol)

/Applications/microchip/xc8/v2.40/avr/bin/../lib/gcc/avr/5.4.0/../../../../avr/lib/avrxmega4/memx-const/libm.a(addsf3.o)
                              build/default/production/main.o (__subsf3)
/Applications/microchip/xc8/v2.40/avr/bin/../lib/gcc/avr/5.4.0/../../../../avr/lib/avrxmega4/memx-const/libm.a(addsf3x.o)
                              /Applications/microchip/xc8/v2.40/avr/bin/../lib/gcc/avr/5.4.0/../../../../avr/lib/avrxmega4/memx-const/libm.a(addsf3.o) (__addsf3x)
/Applications/microchip/xc8/v2.40/avr/bin/../lib/gcc/avr/5.4.0/../../../../avr/lib/avrxmega4/memx-const/libm.a(divsf3.o)
                              build/default/production/rpm.o (__divsf3)
/Applications/microchip/xc8/v2.40/avr/bin/../lib/gcc/avr/5.4.0/../../../../avr/lib/avrxmega4/memx-const/libm.a(divsf3x.o)
                              /Applications/microchip/xc8/v2.40/avr/bin/../lib/gcc/avr/5.4.0/../../../../avr/lib/avrxmega4/memx-const/libm.a(divsf3.o) (__divsf3x)
/Applications/microchip/xc8/v2.40/avr/bin/../lib/gcc/avr/5.4.0/../../../../avr/lib/avrxmega4/memx-const/libm.a(fixsfsi.o)
                              build/default/production/main.o (__fixsfsi)
/Applications/microchip/xc8/v2.40/avr/bin/../lib/gcc/avr/5.4.0/../../../../avr/lib/avrxmega4/memx-const/libm.a(fixunssfsi.o)
                              build/default/production/rpm.o (__fixunssfsi)
/Applications/microchip/xc8/v2.40/avr/bin/../lib/gcc/avr/5.4.0/../../../../avr/lib/avrxmega4/memx-const/libm.a(floatsisf.o)
                              build/default/production/main.o (__floatunsisf)
/Applications/microchip/xc8/v2.40/avr/bin/../lib/gcc/avr/5.4.0/../../../../avr/lib/avrxmega4/memx-const/libm.a(fp_inf.o)
                              /Applications/microchip/xc8/v2.40/avr/bin/../lib/gcc/avr/5.4.0/../../../../avr/lib/avrxmega4/memx-const/libm.a(addsf3x.o) (__fp_inf)
/Applications/microchip/xc8/v2.40/avr/bin/../lib/gcc/avr/5.4.0/../../../../avr/lib/avrxmega4/memx-const/libm.a(fp_nan.o)
                              /Applications/microchip/xc8/v2.40/avr/bin/../lib/gcc/avr/5.4.0/../../../../avr/lib/avrxmega4/memx-const/libm.a(addsf3x.o) (__fp_nan)
/Applications/microchip/xc8/v2.40/avr/bin/../lib/gcc/avr/5.4.0/../../../../avr/lib/avrxmega4/memx-const/libm.a(fp_pscA.o)
                              /Applications/microchip/xc8/v2.40/avr/bin/../lib/gcc/avr/5.4.0/../../../../avr/lib/avrxmega4/memx-const/libm.a(addsf3x.o) (__fp_pscA)
/Applications/microchip/xc8/v2.40/avr/bin/../lib/gcc/avr/5.4.0/../../../../avr/lib/avrxmega4/memx-const/libm.a(fp_pscB.o)
                              /Applications/microchip/xc8/v2.40/avr/bin/../lib/gcc/avr/5.4.0/../../../../avr/lib/avrxmega4/memx-const/libm.a(addsf3x.o) (__fp_pscB)
/Applications/microchip/xc8/v2.40/avr/bin/../lib/gcc/avr/5.4.0/../../../../avr/lib/avrxmega4/memx-const/libm.a(fp_round.o)
                              /Applications/microchip/xc8/v2.40/avr/bin/../lib/gcc/avr/5.4.0/../../../../avr/lib/avrxmega4/memx-const/libm.a(addsf3.o) (__fp_round)
/Applications/microchip/xc8/v2.40/avr/bin/../lib/gcc/avr/5.4.0/../../../../avr/lib/avrxmega4/memx-const/libm.a(fp_split3.o)
                              /Applications/microchip/xc8/v2.40/avr/bin/../lib/gcc/avr/5.4.0/../../../../avr/lib/avrxmega4/memx-const/libm.a(addsf3x.o) (__fp_split3)
/Applications/microchip/xc8/v2.40/avr/bin/../lib/gcc/avr/5.4.0/../../../../avr/lib/avrxmega4/memx-const/libm.a(fp_zero.o)
                              /Applications/microchip/xc8/v2.40/avr/bin/../lib/gcc/avr/5.4.0/../../../../avr/lib/avrxmega4/memx-const/libm.a(addsf3x.o) (__fp_zero)
/Applications/microchip/xc8/v2.40/avr/bin/../lib/gcc/avr/5.4.0/../../../../avr/lib/avrxmega4/memx-const/libm.a(mulsf3.o)
                              build/default/production/main.o (__mulsf3)
/Applications/microchip/xc8/v2.40/avr/bin/../lib/gcc/avr/5.4.0/../../../../avr/lib/avrxmega4/memx-const/libm.a(mulsf3x.o)
                              /Applications/microchip/xc8/v2.40/avr/bin/../lib/gcc/avr/5.4.0/../../../../avr/lib/avrxmega4/memx-const/libm.a(mulsf3.o) (__mulsf3x)
/Applications/microchip/xc8/v2.40/avr/bin/../lib/gcc/avr/5.4.0/avrxmega4/memx-const/libgcc.a(_divmodhi4.o)
                              build/default/production/TMP36gz.o (__divmodhi4)
/Applications/microchip/xc8/v2.40/avr/bin/../lib/gcc/avr/5.4.0/avrxmega4/memx-const/libgcc.a(_tablejump2.o)
                              build/default/production/adc.o (__tablejump2__)
/Applications/microchip/xc8/v2.40/avr/bin/../lib/gcc/avr/5.4.0/avrxmega4/memx-const/libgcc.a(_copy_data.o)
                              build/default/production/main.o (__do_copy_data)
/Applications/microchip/xc8/v2.40/avr/bin/../lib/gcc/avr/5.4.0/avrxmega4/memx-const/libgcc.a(_umulhisi3.o)
                              build/default/production/TMP36gz.o (__umulhisi3)
/Applications/microchip/xc8/v2.40/avr/bin/../lib/gcc/avr/5.4.0/avrxmega4/memx-const/libgcc.a(_xload_1.o)
[...]
Memory Configuration

Name             Origin             Length             Attributes
text             0x0000000000000000 0x0000000000020000 xr
data             0x0000000000804000 0x0000000000004000 rw !x
eeprom           0x0000000000810000 0x0000000000000200 rw !x
fuse             0x0000000000820000 0x0000000000000010 rw !x
lock             0x0000000000830000 0x0000000000000400 rw !x
signature        0x0000000000840000 0x0000000000000400 rw !x
user_signatures  0x0000000000850000 0x0000000000000400 rw !x
*default*        0x0000000000000000 0xffffffffffffffff

Linker script and memory map

Address of section .data set to 0x804000
                0x0000000000008000                __RODATA_PM_OFFSET__ = 0x8000
LOAD /Users/ERIKG/.mchp_packs/Microchip/AVR-Dx_DFP/2.3.272/xc8/avr/lib/avrxmega4/memx-const/crtavr128db48.o
                0x0000000000000001                __MPLAB_BUILD = 0x1
LOAD build/default/production/main.o
LOAD build/default/production/rpm.o
LOAD build/default/production/TMP36gz.o
LOAD build/default/production/adc.o
LOAD build/default/production/RTC.o
LOAD build/default/production/usart.o
LOAD build/default/production/usart_i2c.o
START GROUP
LOAD /Applications/microchip/xc8/v2.40/avr/bin/../lib/gcc/avr/5.4.0/../../../../avr/lib/avrxmega4/memx-const/libm.a
END GROUP
START GROUP
LOAD /Applications/microchip/xc8/v2.40/avr/bin/../lib/gcc/avr/5.4.0/avrxmega4/memx-const/libgcc.a
LOAD /Applications/microchip/xc8/v2.40/avr/bin/../lib/gcc/avr/5.4.0/../../../../avr/lib/avrxmega4/memx-const/libm.a
LOAD /Applications/microchip/xc8/v2.40/avr/bin/../lib/gcc/avr/5.4.0/../../../../avr/lib/avrxmega4/memx-const/libc.a
LOAD /Users/ERIKG/.mchp_packs/Microchip/AVR-Dx_DFP/2.3.272/xc8/avr/lib/avrxmega4/memx-const/libavr128db48.a
END GROUP
                [0x0000000000000000]                __TEXT_REGION_ORIGIN__ = DEFINED (__TEXT_REGION_ORIGIN__)?__TEXT_REGION_ORIGIN__:0x0
                [0x0000000000804000]                __DATA_REGION_ORIGIN__ = DEFINED (__DATA_REGION_ORIGIN__)?__DATA_REGION_ORIGIN__:0x802000
                [0x0000000000020000]                __TEXT_REGION_LENGTH__ = DEFINED (__TEXT_REGION_LENGTH__)?__TEXT_REGION_LENGTH__:0x100000
                [0x0000000000004000]                __DATA_REGION_LENGTH__ = DEFINED (__DATA_REGION_LENGTH__)?__DATA_REGION_LENGTH__:0xffa0
                [0x0000000000000200]                __EEPROM_REGION_LENGTH__ = DEFINED (__EEPROM_REGION_LENGTH__)?__EEPROM_REGION_LENGTH__:0x10000
                [0x0000000000000010]                __FUSE_REGION_LENGTH__ = DEFINED (__FUSE_REGION_LENGTH__)?__FUSE_REGION_LENGTH__:0x400
                0x0000000000000400                __LOCK_REGION_LENGTH__ = DEFINED (__LOCK_REGION_LENGTH__)?__LOCK_REGION_LENGTH__:0x400
                0x0000000000000400                __SIGNATURE_REGION_LENGTH__ = DEFINED (__SIGNATURE_REGION_LENGTH__)?__SIGNATURE_REGION_LENGTH__:0x400
                0x0000000000000400                __USER_SIGNATURE_REGION_LENGTH__ = DEFINED (__USER_SIGNATURE_REGION_LENGTH__)?__USER_SIGNATURE_REGION_LENGTH__:0x400

.hash
 *(.hash)

.dynsym
 *(.dynsym)

.dynstr
 *(.dynstr)

.gnu.version
 *(.gnu.version)

.gnu.version_d
 *(.gnu.version_d)

.gnu.version_r
 *(.gnu.version_r)

.rel.init
 *(.rel.init)

.rela.init
 *(.rela.init)

.rel.text
 *(.rel.text)
 *(.rel.text.*)
 *(.rel.gnu.linkonce.t*)

.rela.text
 *(.rela.text)
 *(.rela.text.*)
 *(.rela.gnu.linkonce.t*)

.rel.fini
 *(.rel.fini)

.rela.fini
 *(.rela.fini)

.rel.rodata
 *(.rel.rodata)
 *(.rel.rodata.*)
 *(.rel.gnu.linkonce.r*)

.rela.rodata
 *(.rela.rodata)
 *(.rela.rodata.*)
 *(.rela.gnu.linkonce.r*)

.rel.data
 *(.rel.data)
 *(.rel.data.*)
 *(.rel.gnu.linkonce.d*)

.rela.data
 *(.rela.data)
 *(.rela.data.*)
 *(.rela.gnu.linkonce.d*)

.rel.ctors
 *(.rel.ctors)

.rela.ctors
 *(.rela.ctors)

.rel.dtors
 *(.rel.dtors)

.rela.dtors
 *(.rela.dtors)

.rel.got
 *(.rel.got)

.rela.got
 *(.rela.got)

.rel.bss
 *(.rel.bss)

.rela.bss
 *(.rela.bss)

.rel.plt
 *(.rel.plt)

.rela.plt
 *(.rela.plt)

.text           0x0000000000000000      0x18a
 *(.vectors)
 .vectors       0x0000000000000000       0xf4 /Users/ERIKG/.mchp_packs/Microchip/AVR-Dx_DFP/2.3.272/xc8/avr/lib/avrxmega4/memx-const/crtavr128db48.o
                0x0000000000000000                __vectors
                0x0000000000000000                __vector_default
 *(.vectors)
 *(.progmem.gcc*)
 .progmem.gcc_sw_table.ADC0_channels
                0x00000000000000f4       0x10 build/default/production/adc.o
 .progmem.gcc_sw_table.get_runtime_fan
                0x0000000000000104       0x10 build/default/production/RTC.o
 *(.dinit)
 .dinit         0x0000000000000114       0x1d data_init
                0x0000000000000132                . = ALIGN (0x2)
 *fill*         0x0000000000000131        0x1 
                0x0000000000000132                __trampolines_start = .
 *(.trampolines)
 .trampolines   0x0000000000000132        0x0 linker stubs
 *(.trampolines*)
                0x0000000000000132                __trampolines_end = .
 *libprintf_flt.a:*(.progmem.data)
 *libc.a:*(.progmem.data)
                0x0000000000000132                . = ALIGN (0x2)
 *(.jumptables)
 *(.jumptables*)
 *(.lowtext)
 *(.lowtext*)
                0x0000000000000132                __ctors_start = .
 *(.ctors)
                0x0000000000000132                __ctors_end = .
                0x0000000000000132                __dtors_start = .
 *(.dtors)
                0x0000000000000132                __dtors_end = .
 SORT(*)(.ctors)
 SORT(*)(.dtors)
 *(.init0)
 .init0         0x0000000000000132        0x0 /Users/ERIKG/.mchp_packs/Microchip/AVR-Dx_DFP/2.3.272/xc8/avr/lib/avrxmega4/memx-const/crtavr128db48.o
                0x0000000000000132                __init
 *(.init0)
 *(.init1)
 *(.init1)
 *(.init2)
 .init2         0x0000000000000132        0xc /Users/ERIKG/.mchp_packs/Microchip/AVR-Dx_DFP/2.3.272/xc8/avr/lib/avrxmega4/memx-const/crtavr128db48.o
 *(.init2)
 *(.init3)
 *(.init3)
 *(.init4)
 .init4         0x000000000000013e       0x40 /Applications/microchip/xc8/v2.40/avr/bin/../lib/gcc/avr/5.4.0/avrxmega4/memx-const/libgcc.a(_copy_data.o)
                0x000000000000013e                __do_copy_data
                0x0000000000000170                __do_clear_bss
 *(.init4)
 *(.init5)
 *(.init5)
 *(.init6)
 *(.init6)
 *(.init7)
 *(.init7)
 *(.init8)
 *(.init8)
 *(.init9)
 .init9         0x000000000000017e        0x8 /Users/ERIKG/.mchp_packs/Microchip/AVR-Dx_DFP/2.3.272/xc8/avr/lib/avrxmega4/memx-const/crtavr128db48.o
 *(.init9)
                0x0000000000000186                . = ALIGN (0x2)
 *(.fini9)
 .fini9         0x0000000000000186        0x0 /Applications/microchip/xc8/v2.40/avr/bin/../lib/gcc/avr/5.4.0/avrxmega4/memx-const/libgcc.a(_exit.o)
                0x0000000000000186                _exit
 *(.fini9)
 *(.fini8)
 *(.fini8)
 *(.fini7)
 *(.fini7)
 *(.fini6)
 *(.fini6)
 *(.fini5)
 *(.fini5)
 *(.fini4)
 *(.fini4)
 *(.fini3)
 *(.fini3)
 *(.fini2)
 *(.fini2)
 *(.fini1)
 *(.fini1)
 *(.fini0)
 .fini0         0x0000000000000186        0x4 /Applications/microchip/xc8/v2.40/avr/bin/../lib/gcc/avr/5.4.0/avrxmega4/memx-const/libgcc.a(_exit.o)
 *(.fini0)
                0x000000000000018a                _etext = .

.data           0x0000000000804000        0x0 load address 0x000000000000018a
                [!provide]                        PROVIDE (__data_start, .)
 *(.gnu.linkonce.d*)
 *(.gnu.linkonce.r*)
                0x0000000000804000                . = ALIGN (0x2)
                0x0000000000804000                _edata = .
                [!provide]                        PROVIDE (__data_end, .)

.bss            0x0000000000804000        0x2
                [!provide]                        PROVIDE (__bss_start, .)
 *(COMMON)
 COMMON         0x0000000000804000        0x2 /Applications/microchip/xc8/v2.40/avr/bin/../lib/gcc/avr/5.4.0/../../../../avr/lib/avrxmega4/memx-const/libc.a(errno.o)
                0x0000000000804000                __errno_val
                [!provide]                        PROVIDE (__bss_end, .)
                0x000000000000018a                __data_load_start = LOADADDR (.data)
                0x000000000000018a                __data_load_end = (__data_load_start + SIZEOF (.data))

.noinit         0x0000000000804002        0x0
                [!provide]                        PROVIDE (__noinit_start, .)
 *(.noinit*)
                [!provide]                        PROVIDE (__noinit_end, .)
                0x0000000000804002                _end = .

.eeprom         0x0000000000810000        0x0
 *(.eeprom*)
                0x0000000000810000                __eeprom_end = .

.fuse
 *(.fuse)
 *(.lfuse)
 *(.hfuse)
 *(.efuse)

.lock
 *(.lock*)

.signature
 *(.signature*)

.user_signatures
 *(.user_signatures*)

.stab
 *(.stab)

.stabstr
 *(.stabstr)

.stab.excl
 *(.stab.excl)

.stab.exclstr
 *(.stab.exclstr)

.stab.index
 *(.stab.index)

.stab.indexstr
 *(.stab.indexstr)

.comment        0x0000000000000000       0x5b
 *(.comment)
 .comment       0x0000000000000000       0x2f build/default/production/main.o
                                         0x30 (size before relaxing)
 .comment       0x000000000000002f       0x30 build/default/production/rpm.o
 .comment       0x000000000000002f       0x30 build/default/production/TMP36gz.o
 .comment       0x000000000000002f       0x30 build/default/production/adc.o
 .comment       0x000000000000002f       0x30 build/default/production/RTC.o
 .comment       0x000000000000002f       0x2c /Applications/microchip/xc8/v2.40/avr/bin/../lib/gcc/avr/5.4.0/../../../../avr/lib/avrxmega4/memx-const/libc.a(exit.o)
                                         0x2d (size before relaxing)
 .comment       0x000000000000005b       0x2d /Applications/microchip/xc8/v2.40/avr/bin/../lib/gcc/avr/5.4.0/../../../../avr/lib/avrxmega4/memx-const/libc.a(__sio_printf_dfoux.o)
 .comment       0x000000000000005b       0x2d /Applications/microchip/xc8/v2.40/avr/bin/../lib/gcc/avr/5.4.0/../../../../avr/lib/avrxmega4/memx-const/libc.a(__sio_printf_doux.o)
 .comment       0x000000000000005b       0x2d /Applications/microchip/xc8/v2.40/avr/bin/../lib/gcc/avr/5.4.0/../../../../avr/lib/avrxmega4/memx-const/libc.a(__fmt_d.o)
 .comment       0x000000000000005b       0x2d /Applications/microchip/xc8/v2.40/avr/bin/../lib/gcc/avr/5.4.0/../../../../avr/lib/avrxmega4/memx-const/libc.a(__fmt_fp.o)
 .comment       0x000000000000005b       0x2d /Applications/microchip/xc8/v2.40/avr/bin/../lib/gcc/avr/5.4.0/../../../../avr/lib/avrxmega4/memx-const/libc.a(__fmt_o.o)
 .comment       0x000000000000005b       0x2d /Applications/microchip/xc8/v2.40/avr/bin/../lib/gcc/avr/5.4.0/../../../../avr/lib/avrxmega4/memx-const/libc.a(__fmt_s.o)
 .comment       0x000000000000005b       0x2d /Applications/microchip/xc8/v2.40/avr/bin/../lib/gcc/avr/5.4.0/../../../../avr/lib/avrxmega4/memx-const/libc.a(__fmt_u.o)
 .comment       0x000000000000005b       0x2d /Applications/microchip/xc8/v2.40/avr/bin/../lib/gcc/avr/5.4.0/../../../../avr/lib/avrxmega4/memx-const/libc.a(__fmt_x.o)
 .comment       0x000000000000005b       0x2d /Applications/microchip/xc8/v2.40/avr/bin/../lib/gcc/avr/5.4.0/../../../../avr/lib/avrxmega4/memx-const/libc.a(__pop_int.o)
 .comment       0x000000000000005b       0x2d /Applications/microchip/xc8/v2.40/avr/bin/../lib/gcc/avr/5.4.0/../../../../avr/lib/avrxmega4/memx-const/libc.a(__printf_core.o)
 .comment       0x000000000000005b       0x2d /Applications/microchip/xc8/v2.40/avr/bin/../lib/gcc/avr/5.4.0/../../../../avr/lib/avrxmega4/memx-const/libc.a(fputc.o)
 .comment       0x000000000000005b       0x2d /Applications/microchip/xc8/v2.40/avr/bin/../lib/gcc/avr/5.4.0/../../../../avr/lib/avrxmega4/memx-const/libc.a(puts.o)
 .comment       0x000000000000005b       0x2d /Applications/microchip/xc8/v2.40/avr/bin/../lib/gcc/avr/5.4.0/../../../../avr/lib/avrxmega4/memx-const/libc.a(stdout.o)
 .comment       0x000000000000005b       0x2d /Applications/microchip/xc8/v2.40/avr/bin/../lib/gcc/avr/5.4.0/../../../../avr/lib/avrxmega4/memx-const/libc.a(__pop_float.o)
 .comment       0x000000000000005b       0x2d /Applications/microchip/xc8/v2.40/avr/bin/../lib/gcc/avr/5.4.0/../../../../avr/lib/avrxmega4/memx-const/libc.a(memset.o)
 .comment       0x000000000000005b       0x2d /Applications/microchip/xc8/v2.40/avr/bin/../lib/gcc/avr/5.4.0/../../../../avr/lib/avrxmega4/memx-const/libc.a(strcmp.o)
 .comment       0x000000000000005b       0x2d /Applications/microchip/xc8/v2.40/avr/bin/../lib/gcc/avr/5.4.0/../../../../avr/lib/avrxmega4/memx-const/libc.a(strcpy.o)
 .comment       0x000000000000005b       0x2d /Applications/microchip/xc8/v2.40/avr/bin/../lib/gcc/avr/5.4.0/../../../../avr/lib/avrxmega4/memx-const/libc.a(strlen.o)
 .comment       0x000000000000005b       0x2d /Applications/microchip/xc8/v2.40/avr/bin/../lib/gcc/avr/5.4.0/../../../../avr/lib/avrxmega4/memx-const/libc.a(tolower.o)
 .comment       0x000000000000005b       0x2d /Applications/microchip/xc8/v2.40/avr/bin/../lib/gcc/avr/5.4.0/../../../../avr/lib/avrxmega4/memx-const/libc.a(toupper.o)
 .comment       0x000000000000005b       0x2d /Applications/microchip/xc8/v2.40/avr/bin/../lib/gcc/avr/5.4.0/../../../../avr/lib/avrxmega4/memx-const/libc.a(errno.o)
 .comment       0x000000000000005b       0x2d /Applications/microchip/xc8/v2.40/avr/bin/../lib/gcc/avr/5.4.0/../../../../avr/lib/avrxmega4/memx-const/libc.a(_Exit.o)
 .comment       0x000000000000005b       0x2d /Applications/microchip/xc8/v2.40/avr/bin/../lib/gcc/avr/5.4.0/../../../../avr/lib/avrxmega4/memx-const/libc.a(__int_vfprintf.o)
 .comment       0x000000000000005b       0x2d /Applications/microchip/xc8/v2.40/avr/bin/../lib/gcc/avr/5.4.0/../../../../avr/lib/avrxmega4/memx-const/libc.a(fputs.o)
 .comment       0x000000000000005b       0x2d /Applications/microchip/xc8/v2.40/avr/bin/../lib/gcc/avr/5.4.0/../../../../avr/lib/avrxmega4/memx-const/libm.a(floorf.o)
 .comment       0x000000000000005b       0x2d /Applications/microchip/xc8/v2.40/avr/bin/../lib/gcc/avr/5.4.0/../../../../avr/lib/avrxmega4/memx-const/libm.a(fmaf.o)

.stack.descriptors.hdr
                0x0000000000000000      0x364
 .stack.descriptors.hdr
                0x0000000000000000        0xe /Applications/microchip/xc8/v2.40/avr/bin/../lib/gcc/avr/5.4.0/../../../../avr/lib/avrxmega4/memx-const/libm.a(addsf3.o)
 .stack.descriptors.hdr
                0x000000000000000e        0xe /Applications/microchip/xc8/v2.40/avr/bin/../lib/gcc/avr/5.4.0/../../../../avr/lib/avrxmega4/memx-const/libm.a(addsf3x.o)
 .stack.descriptors.hdr
                0x000000000000001c        0xe /Applications/microchip/xc8/v2.40/avr/bin/../lib/gcc/avr/5.4.0/../../../../avr/lib/avrxmega4/memx-const/libm.a(divsf3.o)
 .stack.descriptors.hdr
                0x000000000000002a        0xe /Applications/microchip/xc8/v2.40/avr/bin/../lib/gcc/avr/5.4.0/../../../../avr/lib/avrxmega4/memx-const/libm.a(divsf3x.o)
 .stack.descriptors.hdr
                0x0000000000000038        0xe /Applications/microchip/xc8/v2.40/avr/bin/../lib/gcc/avr/5.4.0/../../../../avr/lib/avrxmega4/memx-const/libm.a(fixsfsi.o)
 .stack.descriptors.hdr
                0x0000000000000046        0xe /Applications/microchip/xc8/v2.40/avr/bin/../lib/gcc/avr/5.4.0/../../../../avr/lib/avrxmega4/memx-const/libm.a(fixunssfsi.o)
 .stack.descriptors.hdr
                0x0000000000000054        0xe /Applications/microchip/xc8/v2.40/avr/bin/../lib/gcc/avr/5.4.0/../../../../avr/lib/avrxmega4/memx-const/libm.a(floatsisf.o)
 .stack.descriptors.hdr
                0x0000000000000062        0xe /Applications/microchip/xc8/v2.40/avr/bin/../lib/gcc/avr/5.4.0/../../../../avr/lib/avrxmega4/memx-const/libm.a(fp_inf.o)
 .stack.descriptors.hdr
                0x0000000000000070        0xe /Applications/microchip/xc8/v2.40/avr/bin/../lib/gcc/avr/5.4.0/../../../../avr/lib/avrxmega4/memx-const/libm.a(fp_nan.o)
 .stack.descriptors.hdr
                0x000000000000007e        0xe /Applications/microchip/xc8/v2.40/avr/bin/../lib/gcc/avr/5.4.0/../../../../avr/lib/avrxmega4/memx-const/libm.a(fp_pscA.o)
 .stack.descriptors.hdr
                0x000000000000008c        0xe /Applications/microchip/xc8/v2.40/avr/bin/../lib/gcc/avr/5.4.0/../../../../avr/lib/avrxmega4/memx-const/libm.a(fp_pscB.o)
 .stack.descriptors.hdr
                0x000000000000009a        0xe /Applications/microchip/xc8/v2.40/avr/bin/../lib/gcc/avr/5.4.0/../../../../avr/lib/avrxmega4/memx-const/libm.a(fp_round.o)
 .stack.descriptors.hdr
                0x00000000000000a8        0xe /Applications/microchip/xc8/v2.40/avr/bin/../lib/gcc/avr/5.4.0/../../../../avr/lib/avrxmega4/memx-const/libm.a(fp_split3.o)
 .stack.descriptors.hdr
                0x00000000000000b6        0xe /Applications/microchip/xc8/v2.40/avr/bin/../lib/gcc/avr/5.4.0/../../../../avr/lib/avrxmega4/memx-const/libm.a(fp_zero.o)
 .stack.descriptors.hdr
                0x00000000000000c4        0xe /Applications/microchip/xc8/v2.40/avr/bin/../lib/gcc/avr/5.4.0/../../../../avr/lib/avrxmega4/memx-const/libm.a(mulsf3.o)
 .stack.descriptors.hdr
                0x00000000000000d2        0xe /Applications/microchip/xc8/v2.40/avr/bin/../lib/gcc/avr/5.4.0/../../../../avr/lib/avrxmega4/memx-const/libm.a(mulsf3x.o)
 .stack.descriptors.hdr
                0x00000000000000e0        0xe /Applications/microchip/xc8/v2.40/avr/bin/../lib/gcc/avr/5.4.0/avrxmega4/memx-const/libgcc.a(_divmodhi4.o)
 .stack.descriptors.hdr
                0x00000000000000ee        0xe /Applications/microchip/xc8/v2.40/avr/bin/../lib/gcc/avr/5.4.0/avrxmega4/memx-const/libgcc.a(_tablejump2.o)
 .stack.descriptors.hdr
                0x00000000000000fc        0xe /Applications/microchip/xc8/v2.40/avr/bin/../lib/gcc/avr/5.4.0/avrxmega4/memx-const/libgcc.a(_umulhisi3.o)
 .stack.descriptors.hdr
                0x000000000000010a        0xe /Applications/microchip/xc8/v2.40/avr/bin/../lib/gcc/avr/5.4.0/avrxmega4/memx-const/libgcc.a(_xload_1.o)
 .stack.descriptors.hdr
                0x0000000000000118        0xe /Applications/microchip/xc8/v2.40/avr/bin/../lib/gcc/avr/5.4.0/avrxmega4/memx-const/libgcc.a(_adddi3_s8.o)
 .stack.descriptors.hdr
                0x0000000000000126        0xe /Applications/microchip/xc8/v2.40/avr/bin/../lib/gcc/avr/5.4.0/avrxmega4/memx-const/libgcc.a(_subdi3.o)
 .stack.descriptors.hdr
                0x0000000000000134        0xe /Applications/microchip/xc8/v2.40/avr/bin/../lib/gcc/avr/5.4.0/avrxmega4/memx-const/libgcc.a(_cmpdi2.o)
 .stack.descriptors.hdr
                0x0000000000000142        0xe /Applications/microchip/xc8/v2.40/avr/bin/../lib/gcc/avr/5.4.0/avrxmega4/memx-const/libgcc.a(_udivmodhi4.o)
 .stack.descriptors.hdr
                0x0000000000000150        0xe /Applications/microchip/xc8/v2.40/avr/bin/../lib/gcc/avr/5.4.0/../../../../avr/lib/avrxmega4/memx-const/libc.a(exit.o)
 .stack.descriptors.hdr
                0x000000000000015e        0xe /Applications/microchip/xc8/v2.40/avr/bin/../lib/gcc/avr/5.4.0/../../../../avr/lib/avrxmega4/memx-const/libc.a(__sio_printf_dfoux.o)
 .stack.descriptors.hdr
                0x000000000000016c        0xe /Applications/microchip/xc8/v2.40/avr/bin/../lib/gcc/avr/5.4.0/../../../../avr/lib/avrxmega4/memx-const/libc.a(__sio_printf_doux.o)
 .stack.descriptors.hdr
                0x000000000000017a        0xe /Applications/microchip/xc8/v2.40/avr/bin/../lib/gcc/avr/5.4.0/../../../../avr/lib/avrxmega4/memx-const/libc.a(__fmt_d.o)
 .stack.descriptors.hdr
                0x0000000000000188        0xe /Applications/microchip/xc8/v2.40/avr/bin/../lib/gcc/avr/5.4.0/../../../../avr/lib/avrxmega4/memx-const/libc.a(__fmt_fp.o)
 .stack.descriptors.hdr
                0x0000000000000196        0xe /Applications/microchip/xc8/v2.40/avr/bin/../lib/gcc/avr/5.4.0/../../../../avr/lib/avrxmega4/memx-const/libc.a(__fmt_o.o)
 .stack.descriptors.hdr
                0x00000000000001a4        0xe /Applications/microchip/xc8/v2.40/avr/bin/../lib/gcc/avr/5.4.0/../../../../avr/lib/avrxmega4/memx-const/libc.a(__fmt_s.o)
 .stack.descriptors.hdr
                0x00000000000001b2        0xe /Applications/microchip/xc8/v2.40/avr/bin/../lib/gcc/avr/5.4.0/../../../../avr/lib/avrxmega4/memx-const/libc.a(__fmt_u.o)
 .stack.descriptors.hdr
                0x00000000000001c0        0xe /Applications/microchip/xc8/v2.40/avr/bin/../lib/gcc/avr/5.4.0/../../../../avr/lib/avrxmega4/memx-const/libc.a(__fmt_x.o)
 .stack.descriptors.hdr
                0x00000000000001ce        0xe /Applications/microchip/xc8/v2.40/avr/bin/../lib/gcc/avr/5.4.0/../../../../avr/lib/avrxmega4/memx-const/libc.a(__pop_int.o)
 .stack.descriptors.hdr
                0x00000000000001dc        0xe /Applications/microchip/xc8/v2.40/avr/bin/../lib/gcc/avr/5.4.0/../../../../avr/lib/avrxmega4/memx-const/libc.a(__printf_core.o)
 .stack.descriptors.hdr
                0x00000000000001ea        0xe /Applications/microchip/xc8/v2.40/avr/bin/../lib/gcc/avr/5.4.0/../../../../avr/lib/avrxmega4/memx-const/libc.a(fputc.o)
 .stack.descriptors.hdr
                0x00000000000001f8        0xe /Applications/microchip/xc8/v2.40/avr/bin/../lib/gcc/avr/5.4.0/../../../../avr/lib/avrxmega4/memx-const/libc.a(puts.o)
 .stack.descriptors.hdr
                0x0000000000000206        0xe /Applications/microchip/xc8/v2.40/avr/bin/../lib/gcc/avr/5.4.0/../../../../avr/lib/avrxmega4/memx-const/libc.a(stdout.o)
 .stack.descriptors.hdr
                0x0000000000000214        0xe /Applications/microchip/xc8/v2.40/avr/bin/../lib/gcc/avr/5.4.0/../../../../avr/lib/avrxmega4/memx-const/libc.a(__pop_float.o)
 .stack.descriptors.hdr
                0x0000000000000222        0xe /Applications/microchip/xc8/v2.40/avr/bin/../lib/gcc/avr/5.4.0/../../../../avr/lib/avrxmega4/memx-const/libc.a(memset.o)
 .stack.descriptors.hdr
                0x0000000000000230        0xe /Applications/microchip/xc8/v2.40/avr/bin/../lib/gcc/avr/5.4.0/../../../../avr/lib/avrxmega4/memx-const/libc.a(strcmp.o)
 .stack.descriptors.hdr
                0x000000000000023e        0xe /Applications/microchip/xc8/v2.40/avr/bin/../lib/gcc/avr/5.4.0/../../../../avr/lib/avrxmega4/memx-const/libc.a(strcpy.o)
 .stack.descriptors.hdr
                0x000000000000024c        0xe /Applications/microchip/xc8/v2.40/avr/bin/../lib/gcc/avr/5.4.0/../../../../avr/lib/avrxmega4/memx-const/libc.a(strlen.o)
 .stack.descriptors.hdr
                0x000000000000025a        0xe /Applications/microchip/xc8/v2.40/avr/bin/../lib/gcc/avr/5.4.0/../../../../avr/lib/avrxmega4/memx-const/libc.a(tolower.o)
 .stack.descriptors.hdr
                0x0000000000000268        0xe /Applications/microchip/xc8/v2.40/avr/bin/../lib/gcc/avr/5.4.0/../../../../avr/lib/avrxmega4/memx-const/libc.a(toupper.o)
 .stack.descriptors.hdr
                0x0000000000000276        0xe /Applications/microchip/xc8/v2.40/avr/bin/../lib/gcc/avr/5.4.0/../../../../avr/lib/avrxmega4/memx-const/libc.a(errno.o)
 .stack.descriptors.hdr
                0x0000000000000284        0xe /Applications/microchip/xc8/v2.40/avr/bin/../lib/gcc/avr/5.4.0/../../../../avr/lib/avrxmega4/memx-const/libc.a(_Exit.o)
 .stack.descriptors.hdr
                0x0000000000000292        0xe /Applications/microchip/xc8/v2.40/avr/bin/../lib/gcc/avr/5.4.0/../../../../avr/lib/avrxmega4/memx-const/libc.a(__int_vfprintf.o)
 .stack.descriptors.hdr
                0x00000000000002a0        0xe /Applications/microchip/xc8/v2.40/avr/bin/../lib/gcc/avr/5.4.0/../../../../avr/lib/avrxmega4/memx-const/libc.a(fputs.o)
 .stack.descriptors.hdr
                0x00000000000002ae        0xe /Users/ERIKG/.mchp_packs/Microchip/AVR-Dx_DFP/2.3.272/xc8/avr/lib/avrxmega4/memx-const/libavr128db48.a(eerd_dword.o)
 .stack.descriptors.hdr
                0x00000000000002bc        0xe /Users/ERIKG/.mchp_packs/Microchip/AVR-Dx_DFP/2.3.272/xc8/avr/lib/avrxmega4/memx-const/libavr128db48.a(eeupd_dword.o)
 .stack.descriptors.hdr
                0x00000000000002ca        0xe /Users/ERIKG/.mchp_packs/Microchip/AVR-Dx_DFP/2.3.272/xc8/avr/lib/avrxmega4/memx-const/libavr128db48.a(eerd_byte.o)
 .stack.descriptors.hdr
                0x00000000000002d8        0xe /Users/ERIKG/.mchp_packs/Microchip/AVR-Dx_DFP/2.3.272/xc8/avr/lib/avrxmega4/memx-const/libavr128db48.a(eeupd_byte.o)
 .stack.descriptors.hdr
                0x00000000000002e6        0xe /Users/ERIKG/.mchp_packs/Microchip/AVR-Dx_DFP/2.3.272/xc8/avr/lib/avrxmega4/memx-const/libavr128db48.a(eewr_byte.o)
 .stack.descriptors.hdr
                0x00000000000002f4        0xe /Applications/microchip/xc8/v2.40/avr/bin/../lib/gcc/avr/5.4.0/avrxmega4/memx-const/libgcc.a(_udivmodsi4.o)
 .stack.descriptors.hdr
                0x0000000000000302        0xe /Applications/microchip/xc8/v2.40/avr/bin/../lib/gcc/avr/5.4.0/avrxmega4/memx-const/libgcc.a(_exit.o)
 .stack.descriptors.hdr
                0x0000000000000310        0xe /Applications/microchip/xc8/v2.40/avr/bin/../lib/gcc/avr/5.4.0/../../../../avr/lib/avrxmega4/memx-const/libm.a(cmpsf2.o)
 .stack.descriptors.hdr
                0x000000000000031e        0xe /Applications/microchip/xc8/v2.40/avr/bin/../lib/gcc/avr/5.4.0/../../../../avr/lib/avrxmega4/memx-const/libm.a(fp_cmp.o)
 .stack.descriptors.hdr
                0x000000000000032c        0xe /Applications/microchip/xc8/v2.40/avr/bin/../lib/gcc/avr/5.4.0/../../../../avr/lib/avrxmega4/memx-const/libm.a(gesf2.o)
 .stack.descriptors.hdr
                0x000000000000033a        0xe /Applications/microchip/xc8/v2.40/avr/bin/../lib/gcc/avr/5.4.0/../../../../avr/lib/avrxmega4/memx-const/libm.a(floorf.o)
 .stack.descriptors.hdr
                0x0000000000000348        0xe /Applications/microchip/xc8/v2.40/avr/bin/../lib/gcc/avr/5.4.0/../../../../avr/lib/avrxmega4/memx-const/libm.a(fmaf.o)
 .stack.descriptors.hdr
                0x0000000000000356        0xe /Applications/microchip/xc8/v2.40/avr/bin/../lib/gcc/avr/5.4.0/avrxmega4/memx-const/libgcc.a(_ashrdi3.o)

.note.GNU-stack
                0x0000000000000000        0x0
 .note.GNU-stack
                0x0000000000000000        0x0 /Applications/microchip/xc8/v2.40/avr/bin/../lib/gcc/avr/5.4.0/../../../../avr/lib/avrxmega4/memx-const/libm.a(addsf3.o)
 .note.GNU-stack
                0x0000000000000000        0x0 /Applications/microchip/xc8/v2.40/avr/bin/../lib/gcc/avr/5.4.0/../../../../avr/lib/avrxmega4/memx-const/libm.a(addsf3x.o)
 .note.GNU-stack
                0x0000000000000000        0x0 /Applications/microchip/xc8/v2.40/avr/bin/../lib/gcc/avr/5.4.0/../../../../avr/lib/avrxmega4/memx-const/libm.a(divsf3.o)
 .note.GNU-stack
                0x0000000000000000        0x0 /Applications/microchip/xc8/v2.40/avr/bin/../lib/gcc/avr/5.4.0/../../../../avr/lib/avrxmega4/memx-const/libm.a(divsf3x.o)
 .note.GNU-stack
                0x0000000000000000        0x0 /Applications/microchip/xc8/v2.40/avr/bin/../lib/gcc/avr/5.4.0/../../../../avr/lib/avrxmega4/memx-const/libm.a(fixsfsi.o)
 .note.GNU-stack
                0x0000000000000000        0x0 /Applications/microchip/xc8/v2.40/avr/bin/../lib/gcc/avr/5.4.0/../../../../avr/lib/avrxmega4/memx-const/libm.a(fixunssfsi.o)
 .note.GNU-stack
                0x0000000000000000        0x0 /Applications/microchip/xc8/v2.40/avr/bin/../lib/gcc/avr/5.4.0/../../../../avr/lib/avrxmega4/memx-const/libm.a(floatsisf.o)
 .note.GNU-stack
                0x0000000000000000        0x0 /Applications/microchip/xc8/v2.40/avr/bin/../lib/gcc/avr/5.4.0/../../../../avr/lib/avrxmega4/memx-const/libm.a(fp_inf.o)
 .note.GNU-stack
                0x0000000000000000        0x0 /Applications/microchip/xc8/v2.40/avr/bin/../lib/gcc/avr/5.4.0/../../../../avr/lib/avrxmega4/memx-const/libm.a(fp_nan.o)
 .note.GNU-stack
                0x0000000000000000        0x0 /Applications/microchip/xc8/v2.40/avr/bin/../lib/gcc/avr/5.4.0/../../../../avr/lib/avrxmega4/memx-const/libm.a(fp_pscA.o)
 .note.GNU-stack
                0x0000000000000000        0x0 /Applications/microchip/xc8/v2.40/avr/bin/../lib/gcc/avr/5.4.0/../../../../avr/lib/avrxmega4/memx-const/libm.a(fp_pscB.o)
 .note.GNU-stack
                0x0000000000000000        0x0 /Applications/microchip/xc8/v2.40/avr/bin/../lib/gcc/avr/5.4.0/../../../../avr/lib/avrxmega4/memx-const/libm.a(fp_round.o)
 .note.GNU-stack
                0x0000000000000000        0x0 /Applications/microchip/xc8/v2.40/avr/bin/../lib/gcc/avr/5.4.0/../../../../avr/lib/avrxmega4/memx-const/libm.a(fp_split3.o)
 .note.GNU-stack
                0x0000000000000000        0x0 /Applications/microchip/xc8/v2.40/avr/bin/../lib/gcc/avr/5.4.0/../../../../avr/lib/avrxmega4/memx-const/libm.a(fp_zero.o)
 .note.GNU-stack
                0x0000000000000000        0x0 /Applications/microchip/xc8/v2.40/avr/bin/../lib/gcc/avr/5.4.0/../../../../avr/lib/avrxmega4/memx-const/libm.a(mulsf3.o)
 .note.GNU-stack
                0x0000000000000000        0x0 /Applications/microchip/xc8/v2.40/avr/bin/../lib/gcc/avr/5.4.0/../../../../avr/lib/avrxmega4/memx-const/libm.a(mulsf3x.o)
 .note.GNU-stack
                0x0000000000000000        0x0 /Applications/microchip/xc8/v2.40/avr/bin/../lib/gcc/avr/5.4.0/../../../../avr/lib/avrxmega4/memx-const/libc.a(exit.o)
 .note.GNU-stack
                0x0000000000000000        0x0 /Applications/microchip/xc8/v2.40/avr/bin/../lib/gcc/avr/5.4.0/../../../../avr/lib/avrxmega4/memx-const/libc.a(__sio_printf_dfoux.o)
 .note.GNU-stack
                0x0000000000000000        0x0 /Applications/microchip/xc8/v2.40/avr/bin/../lib/gcc/avr/5.4.0/../../../../avr/lib/avrxmega4/memx-const/libc.a(__sio_printf_doux.o)
 .note.GNU-stack
                0x0000000000000000        0x0 /Applications/microchip/xc8/v2.40/avr/bin/../lib/gcc/avr/5.4.0/../../../../avr/lib/avrxmega4/memx-const/libc.a(__fmt_d.o)
 .note.GNU-stack
                0x0000000000000000        0x0 /Applications/microchip/xc8/v2.40/avr/bin/../lib/gcc/avr/5.4.0/../../../../avr/lib/avrxmega4/memx-const/libc.a(__fmt_fp.o)
 .note.GNU-stack
                0x0000000000000000        0x0 /Applications/microchip/xc8/v2.40/avr/bin/../lib/gcc/avr/5.4.0/../../../../avr/lib/avrxmega4/memx-const/libc.a(__fmt_o.o)
 .note.GNU-stack
                0x0000000000000000        0x0 /Applications/microchip/xc8/v2.40/avr/bin/../lib/gcc/avr/5.4.0/../../../../avr/lib/avrxmega4/memx-const/libc.a(__fmt_s.o)
 .note.GNU-stack
                0x0000000000000000        0x0 /Applications/microchip/xc8/v2.40/avr/bin/../lib/gcc/avr/5.4.0/../../../../avr/lib/avrxmega4/memx-const/libc.a(__fmt_u.o)
 .note.GNU-stack
                0x0000000000000000        0x0 /Applications/microchip/xc8/v2.40/avr/bin/../lib/gcc/avr/5.4.0/../../../../avr/lib/avrxmega4/memx-const/libc.a(__fmt_x.o)
 .note.GNU-stack
                0x0000000000000000        0x0 /Applications/microchip/xc8/v2.40/avr/bin/../lib/gcc/avr/5.4.0/../../../../avr/lib/avrxmega4/memx-const/libc.a(__pop_int.o)
 .note.GNU-stack
                0x0000000000000000        0x0 /Applications/microchip/xc8/v2.40/avr/bin/../lib/gcc/avr/5.4.0/../../../../avr/lib/avrxmega4/memx-const/libc.a(__printf_core.o)
 .note.GNU-stack
                0x0000000000000000        0x0 /Applications/microchip/xc8/v2.40/avr/bin/../lib/gcc/avr/5.4.0/../../../../avr/lib/avrxmega4/memx-const/libc.a(fputc.o)
 .note.GNU-stack
                0x0000000000000000        0x0 /Applications/microchip/xc8/v2.40/avr/bin/../lib/gcc/avr/5.4.0/../../../../avr/lib/avrxmega4/memx-const/libc.a(puts.o)
 .note.GNU-stack
                0x0000000000000000        0x0 /Applications/microchip/xc8/v2.40/avr/bin/../lib/gcc/avr/5.4.0/../../../../avr/lib/avrxmega4/memx-const/libc.a(stdout.o)
 .note.GNU-stack
                0x0000000000000000        0x0 /Applications/microchip/xc8/v2.40/avr/bin/../lib/gcc/avr/5.4.0/../../../../avr/lib/avrxmega4/memx-const/libc.a(__pop_float.o)
 .note.GNU-stack
                0x0000000000000000        0x0 /Applications/microchip/xc8/v2.40/avr/bin/../lib/gcc/avr/5.4.0/../../../../avr/lib/avrxmega4/memx-const/libc.a(memset.o)
 .note.GNU-stack
                0x0000000000000000        0x0 /Applications/microchip/xc8/v2.40/avr/bin/../lib/gcc/avr/5.4.0/../../../../avr/lib/avrxmega4/memx-const/libc.a(strcmp.o)
 .note.GNU-stack
                0x0000000000000000        0x0 /Applications/microchip/xc8/v2.40/avr/bin/../lib/gcc/avr/5.4.0/../../../../avr/lib/avrxmega4/memx-const/libc.a(strcpy.o)
 .note.GNU-stack
                0x0000000000000000        0x0 /Applications/microchip/xc8/v2.40/avr/bin/../lib/gcc/avr/5.4.0/../../../../avr/lib/avrxmega4/memx-const/libc.a(strlen.o)
 .note.GNU-stack
                0x0000000000000000        0x0 /Applications/microchip/xc8/v2.40/avr/bin/../lib/gcc/avr/5.4.0/../../../../avr/lib/avrxmega4/memx-const/libc.a(tolower.o)
 .note.GNU-stack
                0x0000000000000000        0x0 /Applications/microchip/xc8/v2.40/avr/bin/../lib/gcc/avr/5.4.0/../../../../avr/lib/avrxmega4/memx-const/libc.a(toupper.o)
 .note.GNU-stack
                0x0000000000000000        0x0 /Applications/microchip/xc8/v2.40/avr/bin/../lib/gcc/avr/5.4.0/../../../../avr/lib/avrxmega4/memx-const/libc.a(errno.o)
 .note.GNU-stack
                0x0000000000000000        0x0 /Applications/microchip/xc8/v2.40/avr/bin/../lib/gcc/avr/5.4.0/../../../../avr/lib/avrxmega4/memx-const/libc.a(_Exit.o)
 .note.GNU-stack
                0x0000000000000000        0x0 /Applications/microchip/xc8/v2.40/avr/bin/../lib/gcc/avr/5.4.0/../../../../avr/lib/avrxmega4/memx-const/libc.a(__int_vfprintf.o)
 .note.GNU-stack
                0x0000000000000000        0x0 /Applications/microchip/xc8/v2.40/avr/bin/../lib/gcc/avr/5.4.0/../../../../avr/lib/avrxmega4/memx-const/libc.a(fputs.o)
 .note.GNU-stack
                0x0000000000000000        0x0 /Applications/microchip/xc8/v2.40/avr/bin/../lib/gcc/avr/5.4.0/../../../../avr/lib/avrxmega4/memx-const/libm.a(cmpsf2.o)
 .note.GNU-stack
                0x0000000000000000        0x0 /Applications/microchip/xc8/v2.40/avr/bin/../lib/gcc/avr/5.4.0/../../../../avr/lib/avrxmega4/memx-const/libm.a(fp_cmp.o)
 .note.GNU-stack
                0x0000000000000000        0x0 /Applications/microchip/xc8/v2.40/avr/bin/../lib/gcc/avr/5.4.0/../../../../avr/lib/avrxmega4/memx-const/libm.a(gesf2.o)
 .note.GNU-stack
                0x0000000000000000        0x0 /Applications/microchip/xc8/v2.40/avr/bin/../lib/gcc/avr/5.4.0/../../../../avr/lib/avrxmega4/memx-const/libm.a(floorf.o)
 .note.GNU-stack
                0x0000000000000000        0x0 /Applications/microchip/xc8/v2.40/avr/bin/../lib/gcc/avr/5.4.0/../../../../avr/lib/avrxmega4/memx-const/libm.a(fmaf.o)

.note.gnu.build-id
 *(.note.gnu.build-id)

.debug
 *(.debug)

.line
 *(.line)

.debug_srcinfo
 *(.debug_srcinfo)

.debug_sfnames
 *(.debug_sfnames)

.debug_aranges  0x0000000000000000      0x228
 *(.debug_aranges)
 .debug_aranges
                0x0000000000000000       0x98 build/default/production/main.o
 .debug_aranges
                0x0000000000000098       0x38 build/default/production/rpm.o
 .debug_aranges
                0x00000000000000d0       0x38 build/default/production/TMP36gz.o
 .debug_aranges
                0x0000000000000108       0x30 build/default/production/adc.o
 .debug_aranges
                0x0000000000000138       0x50 build/default/production/RTC.o
 .debug_aranges
                0x0000000000000188       0x20 /Users/ERIKG/.mchp_packs/Microchip/AVR-Dx_DFP/2.3.272/xc8/avr/lib/avrxmega4/memx-const/libavr128db48.a(eerd_dword.o)
 .debug_aranges
                0x00000000000001a8       0x20 /Users/ERIKG/.mchp_packs/Microchip/AVR-Dx_DFP/2.3.272/xc8/avr/lib/avrxmega4/memx-const/libavr128db48.a(eeupd_dword.o)
 .debug_aranges
                0x00000000000001c8       0x20 /Users/ERIKG/.mchp_packs/Microchip/AVR-Dx_DFP/2.3.272/xc8/avr/lib/avrxmega4/memx-const/libavr128db48.a(eerd_byte.o)
 .debug_aranges
                0x00000000000001e8       0x20 /Users/ERIKG/.mchp_packs/Microchip/AVR-Dx_DFP/2.3.272/xc8/avr/lib/avrxmega4/memx-const/libavr128db48.a(eeupd_byte.o)
 .debug_aranges
                0x0000000000000208       0x20 /Users/ERIKG/.mchp_packs/Microchip/AVR-Dx_DFP/2.3.272/xc8/avr/lib/avrxmega4/memx-const/libavr128db48.a(eewr_byte.o)

.debug_pubnames
 *(.debug_pubnames)

.debug_info     0x0000000000000000     0xa2c6
 *(.debug_info .gnu.linkonce.wi.*)
 .debug_info    0x0000000000000000     0x3545 /Users/ERIKG/.mchp_packs/Microchip/AVR-Dx_DFP/2.3.272/xc8/avr/lib/avrxmega4/memx-const/crtavr128db48.o
 .debug_info    0x0000000000003545     0x2e1b build/default/production/main.o
 .debug_info    0x0000000000006360     0x22af build/default/production/rpm.o
 .debug_info    0x000000000000860f      0x4ce build/default/production/TMP36gz.o
 .debug_info    0x0000000000008add      0xc42 build/default/production/adc.o
 .debug_info    0x000000000000971f      0x7fc build/default/production/RTC.o
 .debug_info    0x0000000000009f1b       0xbc /Users/ERIKG/.mchp_packs/Microchip/AVR-Dx_DFP/2.3.272/xc8/avr/lib/avrxmega4/memx-const/libavr128db48.a(eerd_dword.o)
 .debug_info    0x0000000000009fd7       0xbd /Users/ERIKG/.mchp_packs/Microchip/AVR-Dx_DFP/2.3.272/xc8/avr/lib/avrxmega4/memx-const/libavr128db48.a(eeupd_dword.o)
 .debug_info    0x000000000000a094       0xbb /Users/ERIKG/.mchp_packs/Microchip/AVR-Dx_DFP/2.3.272/xc8/avr/lib/avrxmega4/memx-const/libavr128db48.a(eerd_byte.o)
 .debug_info    0x000000000000a14f       0xbc /Users/ERIKG/.mchp_packs/Microchip/AVR-Dx_DFP/2.3.272/xc8/avr/lib/avrxmega4/memx-const/libavr128db48.a(eeupd_byte.o)
 .debug_info    0x000000000000a20b       0xbb /Users/ERIKG/.mchp_packs/Microchip/AVR-Dx_DFP/2.3.272/xc8/avr/lib/avrxmega4/memx-const/libavr128db48.a(eewr_byte.o)

.debug_abbrev   0x0000000000000000     0x3d31
 *(.debug_abbrev)
 .debug_abbrev  0x0000000000000000     0x3274 /Users/ERIKG/.mchp_packs/Microchip/AVR-Dx_DFP/2.3.272/xc8/avr/lib/avrxmega4/memx-const/crtavr128db48.o
 .debug_abbrev  0x0000000000003274      0x4a2 build/default/production/main.o
 .debug_abbrev  0x0000000000003716      0x169 build/default/production/rpm.o
 .debug_abbrev  0x000000000000387f      0x13f build/default/production/TMP36gz.o
 .debug_abbrev  0x00000000000039be      0x171 build/default/production/adc.o
 .debug_abbrev  0x0000000000003b2f      0x19e build/default/production/RTC.o
 .debug_abbrev  0x0000000000003ccd       0x14 /Users/ERIKG/.mchp_packs/Microchip/AVR-Dx_DFP/2.3.272/xc8/avr/lib/avrxmega4/memx-const/libavr128db48.a(eerd_dword.o)
 .debug_abbrev  0x0000000000003ce1       0x14 /Users/ERIKG/.mchp_packs/Microchip/AVR-Dx_DFP/2.3.272/xc8/avr/lib/avrxmega4/memx-const/libavr128db48.a(eeupd_dword.o)
 .debug_abbrev  0x0000000000003cf5       0x14 /Users/ERIKG/.mchp_packs/Microchip/AVR-Dx_DFP/2.3.272/xc8/avr/lib/avrxmega4/memx-const/libavr128db48.a(eerd_byte.o)
 .debug_abbrev  0x0000000000003d09       0x14 /Users/ERIKG/.mchp_packs/Microchip/AVR-Dx_DFP/2.3.272/xc8/avr/lib/avrxmega4/memx-const/libavr128db48.a(eeupd_byte.o)
 .debug_abbrev  0x0000000000003d1d       0x14 /Users/ERIKG/.mchp_packs/Microchip/AVR-Dx_DFP/2.3.272/xc8/avr/lib/avrxmega4/memx-const/libavr128db48.a(eewr_byte.o)

.debug_line     0x0000000000000000     0x17f4
 *(.debug_line .debug_line.* .debug_line_end)
 .debug_line    0x0000000000000000      0x208 /Users/ERIKG/.mchp_packs/Microchip/AVR-Dx_DFP/2.3.272/xc8/avr/lib/avrxmega4/memx-const/crtavr128db48.o
 .debug_line    0x0000000000000208      0xb31 build/default/production/main.o
 .debug_line    0x0000000000000d39      0x1fc build/default/production/rpm.o
 .debug_line    0x0000000000000f35      0x113 build/default/production/TMP36gz.o
 .debug_line    0x0000000000001048      0x220 build/default/production/adc.o
 .debug_line    0x0000000000001268      0x2b6 build/default/production/RTC.o
 .debug_line    0x000000000000151e       0x77 /Users/ERIKG/.mchp_packs/Microchip/AVR-Dx_DFP/2.3.272/xc8/avr/lib/avrxmega4/memx-const/libavr128db48.a(eerd_dword.o)
 .debug_line    0x0000000000001595       0x7e /Users/ERIKG/.mchp_packs/Microchip/AVR-Dx_DFP/2.3.272/xc8/avr/lib/avrxmega4/memx-const/libavr128db48.a(eeupd_dword.o)
 .debug_line    0x0000000000001613       0x82 /Users/ERIKG/.mchp_packs/Microchip/AVR-Dx_DFP/2.3.272/xc8/avr/lib/avrxmega4/memx-const/libavr128db48.a(eerd_byte.o)
 .debug_line    0x0000000000001695       0x83 /Users/ERIKG/.mchp_packs/Microchip/AVR-Dx_DFP/2.3.272/xc8/avr/lib/avrxmega4/memx-const/libavr128db48.a(eeupd_byte.o)
 .debug_line    0x0000000000001718       0xdc /Users/ERIKG/.mchp_packs/Microchip/AVR-Dx_DFP/2.3.272/xc8/avr/lib/avrxmega4/memx-const/libavr128db48.a(eewr_byte.o)

.debug_frame    0x0000000000000000      0x664
 *(.debug_frame)
 .debug_frame   0x0000000000000000      0x400 build/default/production/main.o
 .debug_frame   0x0000000000000400       0x7c build/default/production/rpm.o
 .debug_frame   0x000000000000047c       0x60 build/default/production/TMP36gz.o
 .debug_frame   0x00000000000004dc       0x44 build/default/production/adc.o
 .debug_frame   0x0000000000000520      0x144 build/default/production/RTC.o

.debug_str      0x0000000000000000     0x1883
 *(.debug_str)
 .debug_str     0x0000000000000000     0x170f /Users/ERIKG/.mchp_packs/Microchip/AVR-Dx_DFP/2.3.272/xc8/avr/lib/avrxmega4/memx-const/crtavr128db48.o
 .debug_str     0x000000000000170f       0xb9 build/default/production/main.o
 .debug_str     0x00000000000017c8       0x62 build/default/production/rpm.o
 .debug_str     0x000000000000182a       0x14 build/default/production/TMP36gz.o
 .debug_str     0x000000000000183e       0x1f build/default/production/adc.o
 .debug_str     0x000000000000185d       0x26 build/default/production/RTC.o

.debug_loc      0x0000000000000000      0xe1f
 *(.debug_loc)
 .debug_loc     0x0000000000000000      0x671 build/default/production/main.o
 .debug_loc     0x0000000000000671       0xb4 build/default/production/rpm.o
 .debug_loc     0x0000000000000725      0x32a build/default/production/TMP36gz.o
 .debug_loc     0x0000000000000a4f       0xf1 build/default/production/adc.o
 .debug_loc     0x0000000000000b40      0x2df build/default/production/RTC.o

.debug_macinfo
 *(.debug_macinfo)

.debug_weaknames
 *(.debug_weaknames)

.debug_funcnames
 *(.debug_funcnames)

.debug_typenames
 *(.debug_typenames)

.debug_varnames
 *(.debug_varnames)

.debug_pubtypes
 *(.debug_pubtypes)

.debug_ranges   0x0000000000000000      0x1a0
 *(.debug_ranges)
 .debug_ranges  0x0000000000000000       0xf0 build/default/production/main.o
 .debug_ranges  0x00000000000000f0       0x28 build/default/production/rpm.o
 .debug_ranges  0x0000000000000118       0x28 build/default/production/TMP36gz.o
 .debug_ranges  0x0000000000000140       0x20 build/default/production/adc.o
 .debug_ranges  0x0000000000000160       0x40 build/default/production/RTC.o

.debug_macro
 *(.debug_macro)
OUTPUT(dist/default/production/menysystem.X.production.elf elf32-avr)
LOAD linker stubs
LOAD data_init

.note.gnu.avr.deviceinfo
                0x0000000000000000       0x40
 .note.gnu.avr.deviceinfo
                0x0000000000000000       0x40 /Users/ERIKG/.mchp_packs/Microchip/AVR-Dx_DFP/2.3.272/xc8/avr/lib/avrxmega4/memx-const/crtavr128db48.o

.bss.fan_lvl    0x0000000000804047        0x2
 .bss.fan_lvl   0x0000000000804047        0x2 build/default/production/main.o
                0x0000000000804047                fan_lvl

.bss.level      0x0000000000804049        0x2
 .bss.level     0x0000000000804049        0x2 build/default/production/main.o
                0x0000000000804049                level

.bss.RPM        0x0000000000804043        0x4
 .bss.RPM       0x0000000000804043        0x4 build/default/production/main.o
                0x0000000000804043                RPM

.bss.state      0x0000000000804057        0x1
 .bss.state     0x0000000000804057        0x1 build/default/production/main.o
                0x0000000000804057                state

.bss.period     0x000000000080404b        0x2
 .bss.period    0x000000000080404b        0x2 build/default/production/rpm.o
                0x000000000080404b                period

.bss.n_Duty     0x000000000080404d        0x2
 .bss.n_Duty    0x000000000080404d        0x2 build/default/production/rpm.o
                0x000000000080404d                n_Duty

.bss.p_Duty     0x000000000080404f        0x2
 .bss.p_Duty    0x000000000080404f        0x2 build/default/production/rpm.o
                0x000000000080404f                p_Duty

.bss.pretime    0x0000000000804033        0x8
 .bss.pretime   0x0000000000804033        0x8 build/default/production/RTC.o
                0x0000000000804033                pretime

.bss.runtime_seconds
                0x000000000080403b        0x8
 .bss.runtime_seconds
                0x000000000080403b        0x8 build/default/production/RTC.o
                0x000000000080403b                runtime_seconds

.bss.Fantime    0x0000000000804002       0x20
 .bss.Fantime   0x0000000000804002       0x20 build/default/production/RTC.o
                0x0000000000804002                Fantime

.bss.__stdout   0x0000000000804055        0x2
 .bss.__stdout  0x0000000000804055        0x2 /Applications/microchip/xc8/v2.40/avr/bin/../lib/gcc/avr/5.4.0/../../../../avr/lib/avrxmega4/memx-const/libc.a(stdout.o)

.progmemx.data  0x000000000000018a      0x8c2
 .progmemx.data
                0x000000000000018a      0x8c2 build/default/production/main.o

.progmemx.data.state_table
                0x0000000000000a4c       0x16
 .progmemx.data.state_table
                0x0000000000000a4c       0x16 /Applications/microchip/xc8/v2.40/avr/bin/../lib/gcc/avr/5.4.0/../../../../avr/lib/avrxmega4/memx-const/libc.a(__printf_core.o)

.progmemx.data  0x0000000000000a62       0x10
 .progmemx.data
                0x0000000000000a62       0x10 /Applications/microchip/xc8/v2.40/avr/bin/../lib/gcc/avr/5.4.0/../../../../avr/lib/avrxmega4/memx-const/libc.a(__fmt_fp.o)

.progmemx.data.nuls.2781
                0x0000000000000a72        0x7
 .progmemx.data.nuls.2781
                0x0000000000000a72        0x7 /Applications/microchip/xc8/v2.40/avr/bin/../lib/gcc/avr/5.4.0/../../../../avr/lib/avrxmega4/memx-const/libc.a(__fmt_s.o)

.progmemx.data.nilstr.2962
                0x0000000000000a79        0x6
 .progmemx.data.nilstr.2962
                0x0000000000000a79        0x6 /Applications/microchip/xc8/v2.40/avr/bin/../lib/gcc/avr/5.4.0/../../../../avr/lib/avrxmega4/memx-const/libc.a(__printf_core.o)

.text.__fmt_fp  0x0000000000000a80      0x79c
 .text.__fmt_fp
                0x0000000000000a80      0x79c /Applications/microchip/xc8/v2.40/avr/bin/../lib/gcc/avr/5.4.0/../../../../avr/lib/avrxmega4/memx-const/libc.a(__fmt_fp.o)
                0x0000000000000a80                __fmt_fp
                0x0000000000000a80                __fmt_f_needed

.text.menu_status
                0x000000000000121c      0x686
 .text.menu_status
                0x000000000000121c      0x686 build/default/production/main.o
                0x000000000000121c                menu_status

.text.menu_manual
                0x00000000000018a2      0x5c0
 .text.menu_manual
                0x00000000000018a2      0x5c0 build/default/production/main.o
                0x00000000000018a2                menu_manual

.text.vfpfcnvrt
                0x0000000000001e62      0x4d2
 .text.vfpfcnvrt
                0x0000000000001e62      0x4d2 /Applications/microchip/xc8/v2.40/avr/bin/../lib/gcc/avr/5.4.0/../../../../avr/lib/avrxmega4/memx-const/libc.a(__printf_core.o)
                0x0000000000001e62                vfpfcnvrt

.text.__fmt_x   0x0000000000002334      0x1da
 .text.__fmt_x  0x0000000000002334      0x1da /Applications/microchip/xc8/v2.40/avr/bin/../lib/gcc/avr/5.4.0/../../../../avr/lib/avrxmega4/memx-const/libc.a(__fmt_x.o)
                0x0000000000002334                __fmt_x
                0x0000000000002334                __fmt_x_needed

.text.main      0x000000000000250e      0x1d2
 .text.main     0x000000000000250e      0x1d2 build/default/production/main.o
                0x000000000000250e                main

.text.fmaf      0x00000000000026e0      0x13c
 .text.fmaf     0x00000000000026e0      0x13c /Applications/microchip/xc8/v2.40/avr/bin/../lib/gcc/avr/5.4.0/../../../../avr/lib/avrxmega4/memx-const/libm.a(fmaf.o)
                0x00000000000026e0                fmaf

.text.floorf    0x000000000000281c      0x126
 .text.floorf   0x000000000000281c      0x126 /Applications/microchip/xc8/v2.40/avr/bin/../lib/gcc/avr/5.4.0/../../../../avr/lib/avrxmega4/memx-const/libm.a(floorf.o)
                0x000000000000281c                floorf

.text.ADC0_channels
                0x0000000000002942      0x102
 .text.ADC0_channels
                0x0000000000002942      0x102 build/default/production/adc.o
                0x0000000000002942                ADC0_channels

.text.delayTime
                0x0000000000002a44       0xec
 .text.delayTime
                0x0000000000002a44       0xec build/default/production/RTC.o
                0x0000000000002a44                delayTime

.text.TEMP_i2c  0x0000000000002b30       0xe8
 .text.TEMP_i2c
                0x0000000000002b30       0xe8 build/default/production/main.o
                0x0000000000002b30                TEMP_i2c

.text.__fmt_d   0x0000000000002c18       0xe6
 .text.__fmt_d  0x0000000000002c18       0xe6 /Applications/microchip/xc8/v2.40/avr/bin/../lib/gcc/avr/5.4.0/../../../../avr/lib/avrxmega4/memx-const/libc.a(__fmt_d.o)
                0x0000000000002c18                __fmt_d_needed
                0x0000000000002c18                __fmt_d

.text.readRPM   0x0000000000002cfe       0xe2
 .text.readRPM  0x0000000000002cfe       0xe2 build/default/production/rpm.o
                0x0000000000002cfe                readRPM

.text           0x0000000000002de0       0xde
 .text          0x0000000000002de0       0xde /Applications/microchip/xc8/v2.40/avr/bin/../lib/gcc/avr/5.4.0/../../../../avr/lib/avrxmega4/memx-const/libm.a(divsf3x.o)
                0x0000000000002de0                __divsf3x
                0x0000000000002e08                __divsf3_pse

.text.__pop_int
                0x0000000000002ebe       0xda
 .text.__pop_int
                0x0000000000002ebe       0xda /Applications/microchip/xc8/v2.40/avr/bin/../lib/gcc/avr/5.4.0/../../../../avr/lib/avrxmega4/memx-const/libc.a(__pop_int.o)
                0x0000000000002ebe                __pop_int
                0x0000000000002ebe                __pop_int_needed

.text           0x0000000000002f98       0xd4
 .text          0x0000000000002f98       0xd4 /Applications/microchip/xc8/v2.40/avr/bin/../lib/gcc/avr/5.4.0/../../../../avr/lib/avrxmega4/memx-const/libm.a(mulsf3x.o)
                0x0000000000002f98                __mulsf3x
                0x0000000000002fbe                __mulsf3_pse

.text           0x000000000000306c       0xce
 .text          0x000000000000306c       0xce /Applications/microchip/xc8/v2.40/avr/bin/../lib/gcc/avr/5.4.0/../../../../avr/lib/avrxmega4/memx-const/libm.a(addsf3x.o)
                0x000000000000306c                __addsf3x

.text.__cvt_u   0x000000000000313a       0xca
 .text.__cvt_u  0x000000000000313a       0xca /Applications/microchip/xc8/v2.40/avr/bin/../lib/gcc/avr/5.4.0/../../../../avr/lib/avrxmega4/memx-const/libc.a(__fmt_u.o)
                0x000000000000313a                __cvt_u

.text.__fmt_o   0x0000000000003204       0xb4
 .text.__fmt_o  0x0000000000003204       0xb4 /Applications/microchip/xc8/v2.40/avr/bin/../lib/gcc/avr/5.4.0/../../../../avr/lib/avrxmega4/memx-const/libc.a(__fmt_o.o)
                0x0000000000003204                __fmt_o_needed
                0x0000000000003204                __fmt_o

.text.__fmt_state
                0x00000000000032b8       0xa4
 .text.__fmt_state
                0x00000000000032b8       0xa4 /Applications/microchip/xc8/v2.40/avr/bin/../lib/gcc/avr/5.4.0/../../../../avr/lib/avrxmega4/memx-const/libc.a(__printf_core.o)
                0x00000000000032b8                __fmt_state

.text.Temp_data
                0x000000000000335c       0xa0
 .text.Temp_data
                0x000000000000335c       0xa0 build/default/production/main.o
                0x000000000000335c                Temp_data

.text.__vector_5
                0x00000000000033fc       0x9c
 .text.__vector_5
                0x00000000000033fc       0x9c build/default/production/RTC.o
                0x00000000000033fc                __vector_5

.text.__pad     0x0000000000003498       0x96
 .text.__pad    0x0000000000003498       0x96 /Applications/microchip/xc8/v2.40/avr/bin/../lib/gcc/avr/5.4.0/../../../../avr/lib/avrxmega4/memx-const/libc.a(__printf_core.o)
                0x0000000000003498                __pad

.text.RPMpin    0x000000000000352e       0x94
 .text.RPMpin   0x000000000000352e       0x94 build/default/production/rpm.o
                0x000000000000352e                RPMpin

.text.__printf_core
                0x00000000000035c2       0x92
 .text.__printf_core
                0x00000000000035c2       0x92 /Applications/microchip/xc8/v2.40/avr/bin/../lib/gcc/avr/5.4.0/../../../../avr/lib/avrxmega4/memx-const/libc.a(__printf_core.o)
                0x00000000000035c2                __printf_core

.text.fputc     0x0000000000003654       0x92
 .text.fputc    0x0000000000003654       0x92 /Applications/microchip/xc8/v2.40/avr/bin/../lib/gcc/avr/5.4.0/../../../../avr/lib/avrxmega4/memx-const/libc.a(fputc.o)
                0x0000000000003654                putc
                0x0000000000003654                fputc

.text.__fmt_u   0x00000000000036e6       0x90
 .text.__fmt_u  0x00000000000036e6       0x90 /Applications/microchip/xc8/v2.40/avr/bin/../lib/gcc/avr/5.4.0/../../../../avr/lib/avrxmega4/memx-const/libc.a(__fmt_u.o)
                0x00000000000036e6                __fmt_u
                0x00000000000036e6                __fmt_u_needed

.text.menu_auto
                0x0000000000003776       0x7e
 .text.menu_auto
                0x0000000000003776       0x7e build/default/production/main.o
                0x0000000000003776                menu_auto

.text.read_prec_or_width
                0x00000000000037f4       0x7e
 .text.read_prec_or_width
                0x00000000000037f4       0x7e /Applications/microchip/xc8/v2.40/avr/bin/../lib/gcc/avr/5.4.0/../../../../avr/lib/avrxmega4/memx-const/libc.a(__printf_core.o)

.text           0x0000000000003872       0x7a
 .text          0x0000000000003872       0x7a /Applications/microchip/xc8/v2.40/avr/bin/../lib/gcc/avr/5.4.0/../../../../avr/lib/avrxmega4/memx-const/libm.a(floatsisf.o)
                0x0000000000003872                __floatunsisf
                0x0000000000003876                __floatsisf

.text.__fmt_s   0x00000000000038ec       0x7a
 .text.__fmt_s  0x00000000000038ec       0x7a /Applications/microchip/xc8/v2.40/avr/bin/../lib/gcc/avr/5.4.0/../../../../avr/lib/avrxmega4/memx-const/libc.a(__fmt_s.o)
                0x00000000000038ec                __fmt_s_needed
                0x00000000000038ec                __fmt_s
                0x00000000000038ec                __fmt_0_needed

.text.fputs     0x0000000000003966       0x78
 .text.fputs    0x0000000000003966       0x78 /Applications/microchip/xc8/v2.40/avr/bin/../lib/gcc/avr/5.4.0/../../../../avr/lib/avrxmega4/memx-const/libc.a(fputs.o)
                0x0000000000003966                fputs_unlocked
                0x0000000000003966                fputs

.text.USART_sendString
                0x00000000000039de       0x6c
 .text.USART_sendString
                0x00000000000039de       0x6c build/default/production/main.o

.text.__vector_14
                0x0000000000003a4a       0x6a
 .text.__vector_14
                0x0000000000003a4a       0x6a build/default/production/main.o
                0x0000000000003a4a                __vector_14

.text.__out     0x0000000000003ab4       0x6a
 .text.__out    0x0000000000003ab4       0x6a /Applications/microchip/xc8/v2.40/avr/bin/../lib/gcc/avr/5.4.0/../../../../avr/lib/avrxmega4/memx-const/libc.a(__printf_core.o)
                0x0000000000003ab4                __out

.text.get_runtime_fan
                0x0000000000003b1e       0x68
 .text.get_runtime_fan
                0x0000000000003b1e       0x68 build/default/production/RTC.o
                0x0000000000003b1e                get_runtime_fan

.text           0x0000000000003b86       0x5e
 .text          0x0000000000003b86       0x5e /Applications/microchip/xc8/v2.40/avr/bin/../lib/gcc/avr/5.4.0/../../../../avr/lib/avrxmega4/memx-const/libm.a(fixunssfsi.o)
                0x0000000000003b86                __fixunssfsi

.text.enable_fan_runtime
                0x0000000000003be4       0x5c
 .text.enable_fan_runtime
                0x0000000000003be4       0x5c build/default/production/RTC.o
                0x0000000000003be4                enable_fan_runtime

.text.fan_memory
                0x0000000000003c40       0x52
 .text.fan_memory
                0x0000000000003c40       0x52 build/default/production/RTC.o
                0x0000000000003c40                fan_memory

.text.pwm_ut    0x0000000000003c92       0x4c
 .text.pwm_ut   0x0000000000003c92       0x4c build/default/production/rpm.o
                0x0000000000003c92                pwm_ut

.text           0x0000000000003cde       0x48
 .text          0x0000000000003cde       0x48 /Applications/microchip/xc8/v2.40/avr/bin/../lib/gcc/avr/5.4.0/../../../../avr/lib/avrxmega4/memx-const/libm.a(fp_cmp.o)
                0x0000000000003cde                __fp_cmp

.text.runPWM_auto
                0x0000000000003d26       0x44
 .text.runPWM_auto
                0x0000000000003d26       0x44 build/default/production/main.o
                0x0000000000003d26                runPWM_auto

.text           0x0000000000003d6a       0x44
 .text          0x0000000000003d6a       0x44 /Applications/microchip/xc8/v2.40/avr/bin/../lib/gcc/avr/5.4.0/../../../../avr/lib/avrxmega4/memx-const/libm.a(fp_split3.o)
                0x0000000000003d6a                __fp_split3
                0x0000000000003d7a                __fp_splitA

.text.strcmp    0x0000000000003dae       0x44
 .text.strcmp   0x0000000000003dae       0x44 /Applications/microchip/xc8/v2.40/avr/bin/../lib/gcc/avr/5.4.0/../../../../avr/lib/avrxmega4/memx-const/libc.a(strcmp.o)
                0x0000000000003dae                strcmp

.text.libgcc.div
                0x0000000000003df2       0x44
 .text.libgcc.div
                0x0000000000003df2       0x44 /Applications/microchip/xc8/v2.40/avr/bin/../lib/gcc/avr/5.4.0/avrxmega4/memx-const/libgcc.a(_udivmodsi4.o)
                0x0000000000003df2                __udivmodsi4

.text.__pop_float
                0x0000000000003e36       0x40
 .text.__pop_float
                0x0000000000003e36       0x40 /Applications/microchip/xc8/v2.40/avr/bin/../lib/gcc/avr/5.4.0/../../../../avr/lib/avrxmega4/memx-const/libc.a(__pop_float.o)
                0x0000000000003e36                __pop_float
                0x0000000000003e36                __pop_float_needed

.text.PWM       0x0000000000003e76       0x3c
 .text.PWM      0x0000000000003e76       0x3c build/default/production/main.o
                0x0000000000003e76                PWM

.text.libgcc.builtins
                0x0000000000003eb2       0x3c
 .text.libgcc.builtins
                0x0000000000003eb2       0x3c /Applications/microchip/xc8/v2.40/avr/bin/../lib/gcc/avr/5.4.0/avrxmega4/memx-const/libgcc.a(_ashrdi3.o)
                0x0000000000003eb2                __ashrdi3
                0x0000000000003eb6                __lshrdi3

.text.map       0x0000000000003eee       0x3a
 .text.map      0x0000000000003eee       0x3a build/default/production/TMP36gz.o
                0x0000000000003eee                map

.text.analogTempvalue
                0x0000000000003f28       0x36
 .text.analogTempvalue
                0x0000000000003f28       0x36 build/default/production/TMP36gz.o
                0x0000000000003f28                analogTempvalue

.text.__wrap_printf
                0x0000000000003f5e       0x32
 .text.__wrap_printf
                0x0000000000003f5e       0x32 /Applications/microchip/xc8/v2.40/avr/bin/../lib/gcc/avr/5.4.0/../../../../avr/lib/avrxmega4/memx-const/libc.a(__sio_printf_dfoux.o)
                0x0000000000003f5e                _printf_cdeEgGopuxX
                0x0000000000003f5e                _printf_cdfFopuxX
                0x0000000000003f5e                _printf_cdgGopuxX
                0x0000000000003f5e                _printf_cdfFgGopuxX
                0x0000000000003f5e                _printf_cdeEfFgGopuxX
                0x0000000000003f5e                _printf_cdeEopuxX
                0x0000000000003f5e                _printf_cdeEfFopuxX

.text.__wrap_printf
                0x0000000000003f90       0x32
 .text.__wrap_printf
                0x0000000000003f90       0x32 /Applications/microchip/xc8/v2.40/avr/bin/../lib/gcc/avr/5.4.0/../../../../avr/lib/avrxmega4/memx-const/libc.a(__sio_printf_doux.o)
                0x0000000000003f90                _printf_cdopuxX

.text.libgcc.prologue
                0x0000000000003fc2       0x32
 .text.libgcc.prologue
                0x0000000000003fc2       0x32 /Applications/microchip/xc8/v2.40/avr/bin/../lib/gcc/avr/5.4.0/avrxmega4/memx-const/libgcc.a(_prologue.o)
                0x0000000000003fc2                __prologue_saves__

.text.__vfprintf
                0x0000000000003ff4       0x30
 .text.__vfprintf
                0x0000000000003ff4       0x30 /Applications/microchip/xc8/v2.40/avr/bin/../lib/gcc/avr/5.4.0/../../../../avr/lib/avrxmega4/memx-const/libc.a(__int_vfprintf.o)
                0x0000000000003ff4                __vfprintf

.text.avrlibc   0x0000000000004024       0x30
 .text.avrlibc  0x0000000000004024       0x30 /Users/ERIKG/.mchp_packs/Microchip/AVR-Dx_DFP/2.3.272/xc8/avr/lib/avrxmega4/memx-const/libavr128db48.a(eewr_byte.o)
                0x0000000000004024                eeprom_write_byte
                0x0000000000004026                eeprom_write_r18

.text.libgcc.prologue
                0x0000000000004054       0x30
 .text.libgcc.prologue
                0x0000000000004054       0x30 /Applications/microchip/xc8/v2.40/avr/bin/../lib/gcc/avr/5.4.0/avrxmega4/memx-const/libgcc.a(_epilogue.o)
                0x0000000000004054                __epilogue_restores__

.text.reset_fan_runtime
                0x0000000000004084       0x2e
 .text.reset_fan_runtime
                0x0000000000004084       0x2e build/default/production/RTC.o
                0x0000000000004084                reset_fan_runtime

.text.readfanspeed
                0x00000000000040b2       0x2a
 .text.readfanspeed
                0x00000000000040b2       0x2a build/default/production/main.o
                0x00000000000040b2                readfanspeed

.text.I2C0_M_start
                0x00000000000040dc       0x28
 .text.I2C0_M_start
                0x00000000000040dc       0x28 build/default/production/main.o

.text.libgcc.div
                0x0000000000004104       0x28
 .text.libgcc.div
                0x0000000000004104       0x28 /Applications/microchip/xc8/v2.40/avr/bin/../lib/gcc/avr/5.4.0/avrxmega4/memx-const/libgcc.a(_divmodhi4.o)
                0x0000000000004104                __divmodhi4
                0x0000000000004104                _div

.text.libgcc.div
                0x000000000000412c       0x28
 .text.libgcc.div
                0x000000000000412c       0x28 /Applications/microchip/xc8/v2.40/avr/bin/../lib/gcc/avr/5.4.0/avrxmega4/memx-const/libgcc.a(_udivmodhi4.o)
                0x000000000000412c                __udivmodhi4

.text.read_fantemperature
                0x0000000000004154       0x26
 .text.read_fantemperature
                0x0000000000004154       0x26 build/default/production/TMP36gz.o
                0x0000000000004154                read_fantemperature

.text.strlen    0x000000000000417a       0x24
 .text.strlen   0x000000000000417a       0x24 /Applications/microchip/xc8/v2.40/avr/bin/../lib/gcc/avr/5.4.0/../../../../avr/lib/avrxmega4/memx-const/libc.a(strlen.o)
                0x000000000000417a                strlen

.text           0x000000000000419e       0x22
 .text          0x000000000000419e       0x22 /Applications/microchip/xc8/v2.40/avr/bin/../lib/gcc/avr/5.4.0/../../../../avr/lib/avrxmega4/memx-const/libm.a(fp_round.o)
                0x000000000000419e                __fp_round

.text.ADC0_read
                0x00000000000041c0       0x1e
 .text.ADC0_read
                0x00000000000041c0       0x1e build/default/production/adc.o
                0x00000000000041c0                ADC0_read

.text.libgcc.mul
                0x00000000000041de       0x1e
 .text.libgcc.mul
                0x00000000000041de       0x1e /Applications/microchip/xc8/v2.40/avr/bin/../lib/gcc/avr/5.4.0/avrxmega4/memx-const/libgcc.a(_umulhisi3.o)
                0x00000000000041de                __umulhisi3

.text.strcpy    0x00000000000041fc       0x1c
 .text.strcpy   0x00000000000041fc       0x1c /Applications/microchip/xc8/v2.40/avr/bin/../lib/gcc/avr/5.4.0/../../../../avr/lib/avrxmega4/memx-const/libc.a(strcpy.o)
                0x00000000000041fc                strcpy

.text.libgcc    0x0000000000004218       0x18
 .text.libgcc   0x0000000000004218       0x18 /Applications/microchip/xc8/v2.40/avr/bin/../lib/gcc/avr/5.4.0/avrxmega4/memx-const/libgcc.a(_adddi3_s8.o)
                0x0000000000004218                __adddi3_s8

.text.avrlibc   0x0000000000004230       0x18
 .text.avrlibc  0x0000000000004230       0x18 /Users/ERIKG/.mchp_packs/Microchip/AVR-Dx_DFP/2.3.272/xc8/avr/lib/avrxmega4/memx-const/libavr128db48.a(eeupd_dword.o)
                0x0000000000004230                eeprom_update_dword
                0x0000000000004230                eeprom_update_float

.text.RTC_init  0x0000000000004248       0x16
 .text.RTC_init
                0x0000000000004248       0x16 build/default/production/RTC.o
                0x0000000000004248                RTC_init

.text.exit      0x000000000000425e       0x16
 .text.exit     0x000000000000425e       0x16 /Applications/microchip/xc8/v2.40/avr/bin/../lib/gcc/avr/5.4.0/../../../../avr/lib/avrxmega4/memx-const/libc.a(exit.o)
                0x000000000000425e                exit

.text.avrlibc   0x0000000000004274       0x16
 .text.avrlibc  0x0000000000004274       0x16 /Users/ERIKG/.mchp_packs/Microchip/AVR-Dx_DFP/2.3.272/xc8/avr/lib/avrxmega4/memx-const/libavr128db48.a(eeupd_byte.o)
                0x0000000000004274                eeprom_update_byte
                0x0000000000004276                eeprom_update_r18

.text.USART_printChar
                0x000000000000428a       0x14
 .text.USART_printChar
                0x000000000000428a       0x14 build/default/production/main.o
                0x000000000000428a                USART_printChar

.text.readRPM_init
                0x000000000000429e       0x14
 .text.readRPM_init
                0x000000000000429e       0x14 build/default/production/rpm.o
                0x000000000000429e                readRPM_init

.text.libgcc    0x00000000000042b2       0x12
 .text.libgcc   0x00000000000042b2       0x12 /Applications/microchip/xc8/v2.40/avr/bin/../lib/gcc/avr/5.4.0/avrxmega4/memx-const/libgcc.a(_tablejump2.o)
                0x00000000000042b2                __tablejump2__

.text.libgcc    0x00000000000042c4       0x12
 .text.libgcc   0x00000000000042c4       0x12 /Applications/microchip/xc8/v2.40/avr/bin/../lib/gcc/avr/5.4.0/avrxmega4/memx-const/libgcc.a(_subdi3.o)
                0x00000000000042c4                __subdi3

.text.libgcc    0x00000000000042d6       0x12
 .text.libgcc   0x00000000000042d6       0x12 /Applications/microchip/xc8/v2.40/avr/bin/../lib/gcc/avr/5.4.0/avrxmega4/memx-const/libgcc.a(_cmpdi2.o)
                0x00000000000042d6                __cmpdi2

.text.puts      0x00000000000042e8       0x12
 .text.puts     0x00000000000042e8       0x12 /Applications/microchip/xc8/v2.40/avr/bin/../lib/gcc/avr/5.4.0/../../../../avr/lib/avrxmega4/memx-const/libc.a(puts.o)
                0x00000000000042e8                puts

.text.memset    0x00000000000042fa       0x12
 .text.memset   0x00000000000042fa       0x12 /Applications/microchip/xc8/v2.40/avr/bin/../lib/gcc/avr/5.4.0/../../../../avr/lib/avrxmega4/memx-const/libc.a(memset.o)
                0x00000000000042fa                memset

.text.toupper   0x000000000000430c       0x12
 .text.toupper  0x000000000000430c       0x12 /Applications/microchip/xc8/v2.40/avr/bin/../lib/gcc/avr/5.4.0/../../../../avr/lib/avrxmega4/memx-const/libc.a(toupper.o)
                0x000000000000430c                toupper

.text.avrlibc   0x000000000000431e       0x12
 .text.avrlibc  0x000000000000431e       0x12 /Users/ERIKG/.mchp_packs/Microchip/AVR-Dx_DFP/2.3.272/xc8/avr/lib/avrxmega4/memx-const/libavr128db48.a(eerd_byte.o)
                0x000000000000431e                eeprom_read_byte
                0x0000000000004328                eeprom_mapen

.text.USART_read
                0x0000000000004330       0x10
 .text.USART_read
                0x0000000000004330       0x10 build/default/production/main.o
                0x0000000000004330                USART_read

.text.ADC0_init
                0x0000000000004340       0x10
 .text.ADC0_init
                0x0000000000004340       0x10 build/default/production/adc.o
                0x0000000000004340                ADC0_init

.text.tolower   0x0000000000004350       0x10
 .text.tolower  0x0000000000004350       0x10 /Applications/microchip/xc8/v2.40/avr/bin/../lib/gcc/avr/5.4.0/../../../../avr/lib/avrxmega4/memx-const/libc.a(tolower.o)
                0x0000000000004350                tolower

.text.avrlibc   0x0000000000004360       0x10
 .text.avrlibc  0x0000000000004360       0x10 /Users/ERIKG/.mchp_packs/Microchip/AVR-Dx_DFP/2.3.272/xc8/avr/lib/avrxmega4/memx-const/libavr128db48.a(eerd_dword.o)
                0x0000000000004360                eeprom_read_dword
                0x0000000000004360                eeprom_read_float

.text           0x0000000000004370        0xe
 .text          0x0000000000004370        0xe /Applications/microchip/xc8/v2.40/avr/bin/../lib/gcc/avr/5.4.0/../../../../avr/lib/avrxmega4/memx-const/libm.a(addsf3.o)
                0x0000000000004370                __subsf3
                0x0000000000004372                __addsf3

.text           0x000000000000437e        0xe
 .text          0x000000000000437e        0xe /Applications/microchip/xc8/v2.40/avr/bin/../lib/gcc/avr/5.4.0/../../../../avr/lib/avrxmega4/memx-const/libm.a(fixsfsi.o)
                0x000000000000437e                __fixsfsi

.text           0x000000000000438c        0xe
 .text          0x000000000000438c        0xe /Applications/microchip/xc8/v2.40/avr/bin/../lib/gcc/avr/5.4.0/../../../../avr/lib/avrxmega4/memx-const/libm.a(fp_pscA.o)
                0x000000000000438c                __fp_pscA

.text           0x000000000000439a        0xe
 .text          0x000000000000439a        0xe /Applications/microchip/xc8/v2.40/avr/bin/../lib/gcc/avr/5.4.0/../../../../avr/lib/avrxmega4/memx-const/libm.a(fp_pscB.o)
                0x000000000000439a                __fp_pscB

.text           0x00000000000043a8        0xe
 .text          0x00000000000043a8        0xe /Applications/microchip/xc8/v2.40/avr/bin/../lib/gcc/avr/5.4.0/../../../../avr/lib/avrxmega4/memx-const/libm.a(fp_zero.o)
                0x00000000000043a8                __fp_zero
                0x00000000000043aa                __fp_szero

.text.libgcc    0x00000000000043b6        0xe
 .text.libgcc   0x00000000000043b6        0xe /Applications/microchip/xc8/v2.40/avr/bin/../lib/gcc/avr/5.4.0/avrxmega4/memx-const/libgcc.a(_xload_1.o)
                0x00000000000043b6                __xload_1

.text           0x00000000000043c4        0xc
 .text          0x00000000000043c4        0xc /Applications/microchip/xc8/v2.40/avr/bin/../lib/gcc/avr/5.4.0/../../../../avr/lib/avrxmega4/memx-const/libm.a(fp_inf.o)
                0x00000000000043c4                __fp_inf

.text.RuntimeStartup
                0x00000000000043d0        0xa
 .text.RuntimeStartup
                0x00000000000043d0        0xa build/default/production/main.o
                0x00000000000043d0                RuntimeStartup

.text           0x00000000000043da        0xa
 .text          0x00000000000043da        0xa /Applications/microchip/xc8/v2.40/avr/bin/../lib/gcc/avr/5.4.0/../../../../avr/lib/avrxmega4/memx-const/libm.a(cmpsf2.o)
                0x00000000000043da                __lesf2
                0x00000000000043da                __nesf2
                0x00000000000043da                __eqsf2
                0x00000000000043da                __cmpsf2
                0x00000000000043da                __ltsf2

.text           0x00000000000043e4        0xa
 .text          0x00000000000043e4        0xa /Applications/microchip/xc8/v2.40/avr/bin/../lib/gcc/avr/5.4.0/../../../../avr/lib/avrxmega4/memx-const/libm.a(gesf2.o)
                0x00000000000043e4                __gtsf2
                0x00000000000043e4                __gesf2

.text           0x00000000000043ee        0x8
 .text          0x00000000000043ee        0x8 /Applications/microchip/xc8/v2.40/avr/bin/../lib/gcc/avr/5.4.0/../../../../avr/lib/avrxmega4/memx-const/libm.a(divsf3.o)
                0x00000000000043ee                __divsf3

.text           0x00000000000043f6        0x8
 .text          0x00000000000043f6        0x8 /Applications/microchip/xc8/v2.40/avr/bin/../lib/gcc/avr/5.4.0/../../../../avr/lib/avrxmega4/memx-const/libm.a(mulsf3.o)
                0x00000000000043f6                __mulsf3

.text           0x00000000000043fe        0x6
 .text          0x00000000000043fe        0x6 /Applications/microchip/xc8/v2.40/avr/bin/../lib/gcc/avr/5.4.0/../../../../avr/lib/avrxmega4/memx-const/libm.a(fp_nan.o)
                0x00000000000043fe                __fp_nan

.text           0x0000000000004404        0x4
 .text          0x0000000000004404        0x4 /Users/ERIKG/.mchp_packs/Microchip/AVR-Dx_DFP/2.3.272/xc8/avr/lib/avrxmega4/memx-const/crtavr128db48.o
                0x0000000000004404                __vector_42
                0x0000000000004404                __vector_22
                0x0000000000004404                __vector_28
                0x0000000000004404                __vector_1
                0x0000000000004404                __vector_32
                0x0000000000004404                __vector_34
                0x0000000000004404                __vector_24
                0x0000000000004404                __vector_12
                0x0000000000004404                __vector_55
                0x0000000000004404                __vector_46
                0x0000000000004404                __bad_interrupt
                0x0000000000004404                __vector_6
                0x0000000000004404                __vector_31
                0x0000000000004404                __vector_35
                0x0000000000004404                __vector_39
                0x0000000000004404                __vector_3
                0x0000000000004404                __vector_23
                0x0000000000004404                __vector_30
                0x0000000000004404                __vector_45
                0x0000000000004404                __vector_25
                0x0000000000004404                __vector_11
                0x0000000000004404                __vector_54
                0x0000000000004404                __vector_13
                0x0000000000004404                __vector_17
                0x0000000000004404                __vector_19
                0x0000000000004404                __vector_56
                0x0000000000004404                __vector_7
                0x0000000000004404                __vector_49
                0x0000000000004404                __vector_41
                0x0000000000004404                __vector_43
                0x0000000000004404                __vector_27
                0x0000000000004404                __vector_33
                0x0000000000004404                __vector_47
                0x0000000000004404                __vector_52
                0x0000000000004404                __vector_37
                0x0000000000004404                __vector_4
                0x0000000000004404                __vector_44
                0x0000000000004404                __vector_51
                0x0000000000004404                __vector_9
                0x0000000000004404                __vector_2
                0x0000000000004404                __vector_21
                0x0000000000004404                __vector_15
                0x0000000000004404                __vector_36
                0x0000000000004404                __vector_58
                0x0000000000004404                __vector_29
                0x0000000000004404                __vector_60
                0x0000000000004404                __vector_40
                0x0000000000004404                __vector_8
                0x0000000000004404                __vector_26
                0x0000000000004404                __vector_48
                0x0000000000004404                __vector_57
                0x0000000000004404                __vector_53
                0x0000000000004404                __vector_10
                0x0000000000004404                __vector_50
                0x0000000000004404                __vector_16
                0x0000000000004404                __vector_59
                0x0000000000004404                __vector_18
                0x0000000000004404                __vector_20
                0x0000000000004404                __vector_38

.text._Exit     0x0000000000004408        0x4
 .text._Exit    0x0000000000004408        0x4 /Applications/microchip/xc8/v2.40/avr/bin/../lib/gcc/avr/5.4.0/../../../../avr/lib/avrxmega4/memx-const/libc.a(_Exit.o)
                0x0000000000004408                _Exit

.text.__dummy_fini
                0x000000000000440c        0x2
 .text.__dummy_fini
                0x000000000000440c        0x2 /Applications/microchip/xc8/v2.40/avr/bin/../lib/gcc/avr/5.4.0/../../../../avr/lib/avrxmega4/memx-const/libc.a(exit.o)
                0x000000000000440c                _fini

.text.__dummy_funcs_on_exit
                0x000000000000440e        0x2
 .text.__dummy_funcs_on_exit
                0x000000000000440e        0x2 /Applications/microchip/xc8/v2.40/avr/bin/../lib/gcc/avr/5.4.0/../../../../avr/lib/avrxmega4/memx-const/libc.a(exit.o)
                0x000000000000440e                __funcs_on_exit

.text.__dummy_simulator_exit
                0x0000000000004410        0x2
 .text.__dummy_simulator_exit
                0x0000000000004410        0x2 /Applications/microchip/xc8/v2.40/avr/bin/../lib/gcc/avr/5.4.0/../../../../avr/lib/avrxmega4/memx-const/libc.a(exit.o)
                0x0000000000004410                __simulator_exit

.data.USART_stream
                0x0000000000804022       0x11 load address 0x0000000000004412
 .data.USART_stream
                0x0000000000804022       0x11 build/default/production/main.o

.data.hour      0x0000000000804051        0x2 load address 0x0000000000004423
 .data.hour     0x0000000000804051        0x2 build/default/production/RTC.o
                0x0000000000804051                hour

.data._stdout   0x0000000000804053        0x2 load address 0x0000000000004425
 .data._stdout  0x0000000000804053        0x2 /Applications/microchip/xc8/v2.40/avr/bin/../lib/gcc/avr/5.4.0/../../../../avr/lib/avrxmega4/memx-const/libc.a(stdout.o)
                0x0000000000804053                _stdout
